// Jest Snapshot v1, https://goo.gl/fbAQLP

exports[`Pruebas en "HookApp.jsx". Debe mostrar HookApp correctamente 1`] = `
<Fragment>
  <h1>
    Hooks App
  </h1>
</Fragment>
`;
