// Jest Snapshot v1, https://goo.gl/fbAQLP

exports[`Pruebas en el componente 'ToDoListItem.jsx'. Debe renderizar el componente ToDoListItem correctamente. 1`] = `
<li
  className="list-group-item d-flex justify-content-between align-items-center pointer"
  onClick={[Function]}
>
  <i
    className="bi bi-check-circle-fill text-success"
  />
  <div
    className="ms-2 me-auto"
  >
    <div
      className="fw-bold"
    >
      [
      Personal
      ]
    </div>
    <span
      className="text-decoration-line-through"
    >
      3
      . 
      Tarea 2
    </span>
  </div>
  <div>
    <button
      className="btn btn-outline-danger shadow-none btn-circle"
      onClick={[Function]}
    >
      <i
        className="bi bi-trash"
      />
    </button>
  </div>
</li>
`;
